[www.membersleadingmembers.com/index.html]
[backblue.gif]
[fade.gif]
[index.html]
[use.typekit.net/ik/Ctx7IpbhMlalevH1zOVfL8McVwY5HMbbiDYqRj2sXpXfeGjffFHN4UJLFRbh52jhWDmywDw3ZAJtjRBcZcJhZQ9XjDFcweFcZy7oMPG0dAmljcmkShU8jAsTdcilZAuKZW4DO1FUiABkZWF3jAF8OcFzdPUCdhFydeyzSabCdAmljcmkShU8jAsTdcilZAuKZW4DO]
[assets.squarespace.com/@sqs/polyfiller/1.2.2/legacy.js]
[images.squarespace-cdn.com/content/v1/5a330eb8b1ffb6e54c3f0cff/1514921384493-R4W0B020QAUEOPG28H7D/favicon9f6a.ico]
[assets.squarespace.com/@sqs/polyfiller/1.2.2/modern.js]
[assets.squarespace.com/universal/scripts-compressed/moment-js-vendor-26ddeab7fa5f90b6c8cb3-min.en-US.js]
[assets.squarespace.com/universal/scripts-compressed/cldr-resource-pack-be81d1ce004cbca505842-min.en-US.js]
[www.membersleadingmembers.com/s/Members-Leading-Members-Petition.20.delayed]
[assets.squarespace.com/universal/scripts-compressed/common-vendors-stable-5f58a0e5b599c258afba7-min.en-US.js]
[assets.squarespace.com/universal/scripts-compressed/common-vendors-2fefe99ebb1b2f009ef10-min.en-US.js]
[assets.squarespace.com/universal/scripts-compressed/common-eb48cde31e2241b93f8c6-min.en-US.js]
[assets.squarespace.com/universal/scripts-compressed/performance-3fba3af606f4dadefb3ec-min.en-US.js]
[ajax.googleapis.com/ajax/libs/jquery/1.9.1/jquery.min.js]
[www.membersleadingmembers.com/Trident/index.html]
[static1.squarespace.com/static/ta/5a330eb8b1ffb6e54c3f0cff/170/scripts/site-bundle.js]
[www.membersleadingmembers.com/Edge/index.html]
[www.membersleadingmembers.com/index.html]
[www.membersleadingmembers.com/teresa-jill-philips.html]
[www.membersleadingmembers.com/martha-webb.html]
[www.membersleadingmembers.com/denise-hunter.html]
[www.membersleadingmembers.com/new-page.html]
[www.membersleadingmembers.com/james-gahagan.html]
[images.squarespace-cdn.com/index.html]
[www.membersleadingmembers.com/merle-herren.html]
[www.membersleadingmembers.com/mike-wilkes.html]
[static1.squarespace.com/static/sitecss/5a330eb8b1ffb6e54c3f0cff/381/5a385205c830258ccbebde0c/5a385205c830258ccbebde94/170-05142015/1617069319901/site.css]
[www.membersleadingmembers.com/justus-fortado.html]
[static1.squarespace.com/static/5a330eb8b1ffb6e54c3f0cff/t/5bd7cda3eef1a1684f5209c4/1540869554227/Officer+Election+Appeal.pdf]
[www.membersleadingmembers.com/what-went-wrong.html]
[www.membersleadingmembers.com/lester-coney.html]
[www.membersleadingmembers.com/trustees-fire-staffers.html]
[static1.squarespace.com/static/5a330eb8b1ffb6e54c3f0cff/t/5b83879f0e2e72fa78021938/1535346592096/L73-Notice-of-Elections-and-Instructions[2305843009223417429][32329].pdf]
[static1.squarespace.com/static/5a330eb8b1ffb6e54c3f0cff/t/5a542540e4966b16d14e4eac/1515464005321/LM15+SEIU+LU+73.pdf]
[www.membersleadingmembers.com/contact.html]
[images.squarespace-cdn.com/content/5a330eb8b1ffb6e54c3f0cff/1514921466870-AMKI0YH9L2MUX6H83QR5/logo-4-left5d45.png]
[images.squarespace-cdn.com/content/5a330eb8b1ffb6e54c3f0cff/1514921448810-WNF4Y0XGY3PAEZUR1EEL/pixel-FEE2025d45.png]
[images.squarespace-cdn.com/content/5a330eb8b1ffb6e54c3f0cff/1514935618392-WCT6F7ZCLUY06D361U45/logo-4-middle0403.png]
[images.squarespace-cdn.com/content/5a330eb8b1ffb6e54c3f0cff/1514921542110-9F2YLXRZYQFXZNDN738Q/logo-4-right5d45.png]
[images.squarespace-cdn.com/content/v1/5a330eb8b1ffb6e54c3f0cff/1617072416705-EH5GYVBUZKCZ5DJSIX7F/members-2018-2019.png]
[images.squarespace-cdn.com/content/v1/5a330eb8b1ffb6e54c3f0cff/1617072603345-LKG4AVDIIXR5GA3ZBQXR/gloria.png]
[assets.squarespace.com/universal/images-v6/damask/error-dark.png]
[assets.squarespace.com/universal/images-v6/damask/error-dark@2x.png]
[assets.squarespace.com/universal/images-v6/damask/play-button.png]
[assets.squarespace.com/universal/images-v6/damask/play-button@2x.png]
[assets.squarespace.com/universal/images-v6/damask/edit-aviary-light.png]
[assets.squarespace.com/universal/images-v6/damask/edit-aviary-light@2x.png]
[assets.squarespace.com/universal/images-v6/damask/edit-info-light@2x.png]
[assets.squarespace.com/universal/images-v6/damask/edit-info-light.png]
[assets.squarespace.com/universal/images-v6/damask/trash-9-light@2x.png]
[assets.squarespace.com/universal/images-v6/damask/trash-9-light.png]
[assets.squarespace.com/universal/images-v6/damask/trash-9-red.png]
[assets.squarespace.com/universal/images-v6/damask/trash-9-red@2x.png]
[assets.squarespace.com/universal/images-v6/damask/getty-16-light.png]
[assets.squarespace.com/universal/images-v6/damask/getty-32-light.png]
[assets.squarespace.com/universal/images-v6/damask/shopping-cart-16-light.png]
[assets.squarespace.com/universal/images-v6/damask/shopping-cart-32-light.png]
[static1.squarespace.com/universal/images-v6/icons/opentable-icons.png]
[static1.squarespace.com/universal/images-v6/icons/block-indicator-dark@2x.png]
[static1.squarespace.com/universal/images-v6/icons/block-indicator-dark.png]
[static1.squarespace.com/universal/images-v6/icons/icon-searchqueries-20-dark.png]
[static1.squarespace.com/universal/images-v6/icons/icon-searchqueries-20-light.png]
[assets.squarespace.com/universal/images-v6/icons/icon-video-24-light-solid.png]
[static1.squarespace.com/universal/images-v6/damask/image-inside-64-dark.png]
[static1.squarespace.com/universal/images-v6/damask/image-inside-128-dark.png]
[assets.squarespace.com/universal/images-v6/standard/icon_close_7_light.png]
[assets.squarespace.com/universal/images-v6/icons/icon-settings-16-light.png]
[assets.squarespace.com/universal/scripts-compressed/common-269c9297875f1ad3027b3-min.en-US.js]
[static1.squarespace.com/static/5a330eb8b1ffb6e54c3f0cff/t/6062a1802bc88d6b8d211feb/1617076610701/Members+Leading+Members+Flier+2021-03-15-collage,2021-elections.pdf]
[images.squarespace-cdn.com/content/v1/5a330eb8b1ffb6e54c3f0cff/1617076564094-PXU1MH27SR1NNKOXPHBW/Members+Leading+Members+Flier+2021-03-15-collage,2021-elections-00.jpg]
[images.squarespace-cdn.com/content/v1/5a330eb8b1ffb6e54c3f0cff/1617076565938-TLB2AY8FMUE9UUDYIS49/Members+Leading+Members+Flier+2021-03-15-collage,2021-elections-01.jpg]
[images.squarespace-cdn.com/content/v1/5a330eb8b1ffb6e54c3f0cff/1617076568350-MXFWTAQLKRECKL8U67L5/Members+Leading+Members+Flier+2021-03-15-collage,2021-elections-02.jpg]
[static1.squarespace.com/static/5a330eb8b1ffb6e54c3f0cff/t/5dc3b6272b398f0b01287a3d/1573107240848/Members+Leading+Members+Flier+11-05-19-Indiana-Members.pdf]
[images.squarespace-cdn.com/content/v1/5a330eb8b1ffb6e54c3f0cff/1573107192200-GBGZCW3MF7L25XT9FEH1/Members+Leading+Members+Flier+11-05-19-Indiana-Members-1.png]
[images.squarespace-cdn.com/content/v1/5a330eb8b1ffb6e54c3f0cff/1573107194760-8NT0Y57J97IZC3V2GPF1/Members+Leading+Members+Flier+11-05-19-Indiana-Members-2.png]
[static1.squarespace.com/static/5a330eb8b1ffb6e54c3f0cff/t/5dc3b5db6ac7c73b91bc91e1/1573107163573/Members+Leading+Members+Flier+11-05-19-final-chance.pdf]
[images.squarespace-cdn.com/content/v1/5a330eb8b1ffb6e54c3f0cff/1573107150280-LEUVDQ1Z826ECRUZF7IK/Members+Leading+Members+Flier+11-05-19-final-chance-1.png]
[static1.squarespace.com/static/5a330eb8b1ffb6e54c3f0cff/t/5dbbba639bac7a09c94655d9/1572584036329/Members+Leading+Members+Flier+10-30-19_73-last_flier.pdf]
[images.squarespace-cdn.com/content/v1/5a330eb8b1ffb6e54c3f0cff/1572583989574-6H0EWNN6XOTBOSOH3DBR/Members+Leading+Members+Flier+10-30-19_73-last_flier-1.png]
[images.squarespace-cdn.com/content/v1/5a330eb8b1ffb6e54c3f0cff/1572583993340-PKE4W0S1WN12X7I39S28/Members+Leading+Members+Flier+10-30-19_73-last_flier-2.png]
[static1.squarespace.com/static/5a330eb8b1ffb6e54c3f0cff/t/5db0defac56ee01af7718f7c/1571872506756/Members+Leading+Members+Flier+10-23-19_0-dollar-per-day.pdf]
[images.squarespace-cdn.com/content/v1/5a330eb8b1ffb6e54c3f0cff/1571872460268-QBS2F5Z4Q78BK593L2NC/Members+Leading+Members+Flier+10-23-19_0-dollar-per-day.png]
[static1.squarespace.com/static/5a330eb8b1ffb6e54c3f0cff/t/5dae6414e4b5f32f9178670a/1571709972894/Members+Leading+Members+Flier+10-23-19-oscar-varnadoe-endorsement.pdf]
[images.squarespace-cdn.com/content/v1/5a330eb8b1ffb6e54c3f0cff/1571709851756-EHL4WL814HXUY6UOBQ64/Members+Leading+Members+Flier+10-23-19-oscar-varnadoe-endorsement.png]
[static1.squarespace.com/static/5a330eb8b1ffb6e54c3f0cff/t/5dae66dbf822266fc0eb10dd/1571710684105/Members+Leading+Members+Flier+10-23-19-willie-english.pdf]
[images.squarespace-cdn.com/content/v1/5a330eb8b1ffb6e54c3f0cff/1571710587302-TJ9XA1W0SN0XJARNQ9HO/Members+Leading+Members+Flier+10-23-19-willie-english-1.png]
[images.squarespace-cdn.com/content/v1/5a330eb8b1ffb6e54c3f0cff/1571710589377-8QLHXCB9YM4TGEYCZPM8/Members+Leading+Members+Flier+10-23-19-willie-english-2.png]
[static1.squarespace.com/static/5a330eb8b1ffb6e54c3f0cff/t/5dae6701a7afe7209d395413/1571710721509/Members+Leading+Members+Flier+10-23-19_73-failing-slate.pdf]
[images.squarespace-cdn.com/content/v1/5a330eb8b1ffb6e54c3f0cff/1571710594665-INTUSKIRLCM3Y6WA67TN/Members+Leading+Members+Flier+10-23-19_73-failing-slate.png]
[static1.squarespace.com/static/5a330eb8b1ffb6e54c3f0cff/t/5da7a77f8d85764dc1cc5c3f/1571268479797/Members+Leading+Members+Flier+10-16-19.pdf]
[images.squarespace-cdn.com/content/v1/5a330eb8b1ffb6e54c3f0cff/1571268453325-CTPDQGOZAQWSGX97XEM9/outputname-1.png]
[static1.squarespace.com/static/5a330eb8b1ffb6e54c3f0cff/t/5da7a6f9183ae61d5f258054/1571268346666/Members+Leading+Members+Flier+10-09-19.pdf]
[images.squarespace-cdn.com/content/v1/5a330eb8b1ffb6e54c3f0cff/1571268293591-EJ6XOWQNGUTF9QK83I66/outputname-1.png]
[images.squarespace-cdn.com/content/v1/5a330eb8b1ffb6e54c3f0cff/1571268312048-ZYYUVMQTUIFJOH5WGB4D/outputname-3.png]
[images.squarespace-cdn.com/content/v1/5a330eb8b1ffb6e54c3f0cff/1571268295882-J4SAKUDO4MQ3Y6B5CST0/outputname-2.png]
[images.squarespace-cdn.com/content/v1/5a330eb8b1ffb6e54c3f0cff/1571268301693-KGR8IDDUUQZS1L8QDHN8/outputname-4.png]
[static1.squarespace.com/static/5a330eb8b1ffb6e54c3f0cff/t/5d8c373447d84d21ed57c8c8/1569470260879/Members+Leading+Members+Flier+10-25-19.pdf]
[www.membersleadingmembers.com/fliers.html]
[www.membersleadingmembers.com/Trident/index.html]
[www.membersleadingmembers.com/Edge/index.html]
[images.squarespace-cdn.com/content/v1/5a330eb8b1ffb6e54c3f0cff/1569470208397-TQC708TS9OX1MCVTDXF9/outputname-1.png]
[images.squarespace-cdn.com/content/v1/5a330eb8b1ffb6e54c3f0cff/1567478844583-ILNPN6AW5NV9EB64Z1LN/Members+Leading+Members+Flier+09-01-2019-page001.png]
[images.squarespace-cdn.com/content/v1/5a330eb8b1ffb6e54c3f0cff/1567478849366-F3DFLGAS36B9A19SM73B/Members+Leading+Members+Flier+09-01-2019-page002.png]
[static1.squarespace.com/static/5a330eb8b1ffb6e54c3f0cff/t/5d6dd46e426fc00001784260/1567478895502/Members+Leading+Members+Flier+09-01-2019.pdf]
[www.membersleadingmembers.com/remzi-jaos.html]
[static1.squarespace.com/static/5a330eb8b1ffb6e54c3f0cff/t/5d50aa0ff30352000124149b/1565567504812/Members+Leading+Members+Flier+08-07-2019+(spanish).pdf]
[images.squarespace-cdn.com/content/v1/5a330eb8b1ffb6e54c3f0cff/1565557454559-E19D5BOD0QBPEBFX2G4L/Members+Leading+Members+Flier+08-07-2019-page001.png]
[www.membersleadingmembers.com/alistair-rob-greenidge.html]
[static1.squarespace.com/static/5a330eb8b1ffb6e54c3f0cff/t/5d5082e3c70c8400014a95c2/1565557476612/Members+Leading+Members+Flier+08-07-2019.pdf]
[images.squarespace-cdn.com/content/v1/5a330eb8b1ffb6e54c3f0cff/1565557457184-Z1WNPXCSBEKORMIOCEOW/Members+Leading+Members+Flier+08-07-2019+(spanish)-page001.png]
[images.squarespace-cdn.com/content/v1/5a330eb8b1ffb6e54c3f0cff/1561840953416-27O4ZSZQ92M0X85SY1H9/Members+Leading+Members+Donation+Flier+06-29-page001.png]
[www.membersleadingmembers.com/teresa-jill-philips.html]
[static1.squarespace.com/static/5a330eb8b1ffb6e54c3f0cff/t/5d17cd4a3d4f4d000183decd/1561840974287/Members+Leading+Members+Donation+Flier+06-29.pdf]
[static1.squarespace.com/static/5a330eb8b1ffb6e54c3f0cff/t/5cf0958694fa22000133d6b9/1559270831721/Members+Leading+Members+Flier+05-26-2019.pdf]
[www.membersleadingmembers.com/martha-webb.html]
[images.squarespace-cdn.com/content/v1/5a330eb8b1ffb6e54c3f0cff/1559270716155-XNC9AF23FQMV9RZZVLKW/Members+Leading+Members+Flier+05-26-2019-page001.png]
[images.squarespace-cdn.com/content/v1/5a330eb8b1ffb6e54c3f0cff/1559270749545-AEQ1CF8L77OJEHTEOVNH/Members+Leading+Members+Flier+05-26-2019-page003.png]
[images.squarespace-cdn.com/content/v1/5a330eb8b1ffb6e54c3f0cff/1559270716707-OTP5NMVLRI0ZHBUJBG9M/Members+Leading+Members+Flier+05-26-2019-page002.png]
[www.membersleadingmembers.com/bogumila-roginska.html]
[static1.squarespace.com/static/5a330eb8b1ffb6e54c3f0cff/t/5cbe63d64785d3212d849f31/1555981272303/Members+Leading+Members+Flier+04-22-19.pdf]
[images.squarespace-cdn.com/content/v1/5a330eb8b1ffb6e54c3f0cff/1555980933717-LK2LJ7XFJ08P0PBC8O7G/page01.jpg]
[images.squarespace-cdn.com/content/v1/5a330eb8b1ffb6e54c3f0cff/1555980938502-1OV5J6Y5CKJ8L1GN4RS3/page03.jpg]
[images.squarespace-cdn.com/content/v1/5a330eb8b1ffb6e54c3f0cff/1555980936248-NRKKH2HWTW76D67NI0Q9/page02.jpg]
[www.membersleadingmembers.com/alice-nowicki.html]
[images.squarespace-cdn.com/content/v1/5a330eb8b1ffb6e54c3f0cff/1550121345764-OI66SPPUUXR0WVK9E6DA/page01.jpg]
[images.squarespace-cdn.com/content/v1/5a330eb8b1ffb6e54c3f0cff/1550121370025-8NLBJC7QCQCVD7XXQQIP/page04.jpg]
[images.squarespace-cdn.com/content/v1/5a330eb8b1ffb6e54c3f0cff/1555981257699-81RSTQ0Q262V2C762IZD/page04.jpg]
[static1.squarespace.com/static/5a330eb8b1ffb6e54c3f0cff/t/5c66e9de971a187bf2825e0c/1550248419167/Members+Leading+Members+Flier+02-13-19.pdf]
[www.membersleadingmembers.com/denise-hunter.html]
[images.squarespace-cdn.com/content/v1/5a330eb8b1ffb6e54c3f0cff/1550121362823-KWN59X2DZ8C6X8YY0ZTM/page02.jpg]
[images.squarespace-cdn.com/content/v1/5a330eb8b1ffb6e54c3f0cff/1550121373534-STEM8TZW14P92QZZ5EEN/page05.jpg]
[images.squarespace-cdn.com/content/v1/5a330eb8b1ffb6e54c3f0cff/1550121367593-GWUA2GLL62UZQ3LZ4TCD/page03.jpg]
[images.squarespace-cdn.com/content/v1/5a330eb8b1ffb6e54c3f0cff/1550121375204-IZF1SIB68XT0LCYEC81W/page06.jpg]
[www.membersleadingmembers.com/new-page.html]
[images.squarespace-cdn.com/content/v1/5a330eb8b1ffb6e54c3f0cff/1546490251657-I0T41VTQVFV4DM7ITEJ2/page01.jpg]
[images.squarespace-cdn.com/content/v1/5a330eb8b1ffb6e54c3f0cff/1546490277036-4K3GLUMQ2OBURJVQT5N4/page02.jpg]
[images.squarespace-cdn.com/content/v1/5a330eb8b1ffb6e54c3f0cff/1546490293837-PHHH2XFU5YLBK9U8NRJP/page03.jpg]
[static1.squarespace.com/static/5a330eb8b1ffb6e54c3f0cff/t/5c2d92180ebbe8ccfb22941f/1546490393251/Members+Leading+Members+Flier+01-03-19.pdf]
[www.membersleadingmembers.com/denise-daniels.html]
[images.squarespace-cdn.com/content/v1/5a330eb8b1ffb6e54c3f0cff/1546490310197-6GWJIXE12WYP6UO7O6C5/page04.jpg]
[images.squarespace-cdn.com/content/v1/5a330eb8b1ffb6e54c3f0cff/1540870966655-0ONYOOEI21WYKBAX5NCR/Members+Leading+Members+Flier+10-29-18.png]
[www.membersleadingmembers.com/gloria-alvarez-in-memoriam.html]
[static1.squarespace.com/static/5a330eb8b1ffb6e54c3f0cff/t/5bd7d3491905f4e57ed17946/1540870986602/Members+Leading+Members+Flier+10-29-18.pdf]
[static1.squarespace.com/static/5a330eb8b1ffb6e54c3f0cff/t/5bc3c0e38165f51c6af25724/1539555556603/Members+Leading+Members+Flier+10-14-18.pdf]
[www.membersleadingmembers.com/james-gahagan.html]
[images.squarespace-cdn.com/content/v1/5a330eb8b1ffb6e54c3f0cff/1539555538482-75RAZB2K6NCJ2YM0UZTU/Members+Leading+Members+Flier+10-14-18.png]
[static1.squarespace.com/static/5a330eb8b1ffb6e54c3f0cff/t/5baeb60a0d9297719c5d05a0/1546490369299/Members+Leading+Members+Mail+09-26-18.pdf]
[www.membersleadingmembers.com/merle-herren.html]
[images.squarespace-cdn.com/content/v1/5a330eb8b1ffb6e54c3f0cff/1538176491286-IORPT482DXTQIPV0QXVB/Members+Leading+Members+Mail+09-26-18+(2).jpg]
[images.squarespace-cdn.com/content/v1/5a330eb8b1ffb6e54c3f0cff/1538176401390-LODEB5KUD8UZIZ9668VS/Members+Leading+Members+Mail+09-26-18+(1).jpg]
[www.membersleadingmembers.com/mike-stojak.html]
[images.squarespace-cdn.com/content/v1/5a330eb8b1ffb6e54c3f0cff/1537975268230-JHTTQSG4U0DV7P6KACK6/Members+Leading+Members+Flier+09-24-18.png]
[images.squarespace-cdn.com/content/v1/5a330eb8b1ffb6e54c3f0cff/1537760001621-6HATXEBMA5RZ4M06AF5T/Members+Leading+Members+Flier+09-22-18.png]
[www.membersleadingmembers.com/mike-wilkes.html]
[static1.squarespace.com/static/5a330eb8b1ffb6e54c3f0cff/t/5baba5ad7817f7d7fb142bbb/1537975726644/Members+Leading+Members+Flier+09-24-18.pdf]
[assets.squarespace.com/universal/scripts-compressed/common-vendors-da6b2f93d32e3c64024a4-min.en-US.js]
[static1.squarespace.com/static/5a330eb8b1ffb6e54c3f0cff/t/5ba85af353450a4c3730a802/1537759988990/Members+Leading+Members+Flier+09-22-18.pdf]
[images.squarespace-cdn.com/content/v1/5a330eb8b1ffb6e54c3f0cff/1617068439761-OR3I9VIDO59YM7U0W43G/Members+Leading+Members+Meeting.jpg]
[static1.squarespace.com/static/5a330eb8b1ffb6e54c3f0cff/t/606281c508ad0c318514b3d8/1617068485763/Members+Leading+Members+Meeting+-+2018-03-13.pdf]
[www.membersleadingmembers.com/ron-dube.html]
[www.membersleadingmembers.com/justus-fortado.html]
[www.membersleadingmembers.com/kevin-maley.html]
[images.squarespace-cdn.com/content/v1/5a330eb8b1ffb6e54c3f0cff/1526943282499-Q4ASF9I1BZ59KNDZ85VM/remzi-new-headshot-edited3.png]
[images.squarespace-cdn.com/content/v1/5a330eb8b1ffb6e54c3f0cff/1514942792640-C61F5R7US3NPVC39RQ5C/remzi-shaking-hands.jpg]
[images.squarespace-cdn.com/content/v1/5a330eb8b1ffb6e54c3f0cff/1514942742836-QTVB660E4XKHW71F12UK/remzi-megaphone.jpg]
[images.squarespace-cdn.com/content/v1/5a330eb8b1ffb6e54c3f0cff/1514942815841-3F0CO0Y1LJ7173MYT45J/man-sign.jpg]
[www.membersleadingmembers.com/mark-yates.html]
[images.squarespace-cdn.com/content/v1/5a330eb8b1ffb6e54c3f0cff/1514827170036-9NYYE29NVJXHRI1HNDQA/remzi-shaking-hands.jpg]
[images.squarespace-cdn.com/content/v1/5a330eb8b1ffb6e54c3f0cff/1514325954071-50Z53WL2HG8ZTN07BIF3/man-megaphone-1.jpg]
[images.squarespace-cdn.com/content/v1/5a330eb8b1ffb6e54c3f0cff/1514325971103-7XKAWDOILFW0EPUAJR4S/ladies.jpg]
[images.squarespace-cdn.com/content/v1/5a330eb8b1ffb6e54c3f0cff/1515262331158-1DJNMXSDV8AUN2HGHZKC/remzi-jaos-photo-firemen-edited.jpg]
[images.squarespace-cdn.com/content/v1/5a330eb8b1ffb6e54c3f0cff/1535337780717-97P4UHQ9XPKEARE5Z574/alistair-rob-greenidge-headshot.png]
[www.membersleadingmembers.com/rick-pratl.html]
[www.membersleadingmembers.com/summer-alexander.html]
[images.squarespace-cdn.com/content/v1/5a330eb8b1ffb6e54c3f0cff/1537502822502-VBUK056JM6GX6KJXLKRH/Bogumila+Roginska.jpg]
[images.squarespace-cdn.com/content/v1/5a330eb8b1ffb6e54c3f0cff/1535338882882-TCPRM7K882SGWHYY8OEV/martha-webb-headshot.png]
[images.squarespace-cdn.com/content/v1/5a330eb8b1ffb6e54c3f0cff/1535339143501-94LFM6UTLBNS4LLMY1KV/teresa-jill-philips-headshot.png]
[www.membersleadingmembers.com/diane-palmers-record.html]
[www.membersleadingmembers.com/what-went-wrong.html]
[images.squarespace-cdn.com/content/v1/5a330eb8b1ffb6e54c3f0cff/1537502952046-2C5VF8F8BOASZCTLXE9S/Denise+Hunter.jpg]
[images.squarespace-cdn.com/content/v1/5a330eb8b1ffb6e54c3f0cff/1537502656392-YG9TX1GHJ9X9WYQG0PGK/Alice+Nowicki.jpg]
[images.squarespace-cdn.com/content/v1/5a330eb8b1ffb6e54c3f0cff/1537503094814-LHTCR54OIAOYW7JWZN14/Diana+Avila.jpg]
[images.squarespace-cdn.com/content/v1/5a330eb8b1ffb6e54c3f0cff/1537577112896-DESNR8KA5U30KPX593MF/Denise+Daniels.jpg]
[images.squarespace-cdn.com/content/v1/5a330eb8b1ffb6e54c3f0cff/1514764011458-GDM2TDAWXGLDH2MVRYCY/gloria-alvarez-headshot.jpg]
[images.squarespace-cdn.com/content/v1/5a330eb8b1ffb6e54c3f0cff/1537503331315-8CEQYRRZII4OA7Z6U395/image-asset.jpg]
[images.squarespace-cdn.com/content/v1/5a330eb8b1ffb6e54c3f0cff/1537503922083-VKDZMWOQWS7BYTZU5ENF/image-asset.jpg]
[www.membersleadingmembers.com/unlawful-termination.html]
[images.squarespace-cdn.com/content/v1/5a330eb8b1ffb6e54c3f0cff/1537504132276-6BFCOCZMIKEASFM3CKYA/Mike+Stojak.jpg]
[images.squarespace-cdn.com/content/v1/5a330eb8b1ffb6e54c3f0cff/1537504240161-LYEDKCGKZ2JGE8HR11GV/Mike+Wilkes.jpg]
[images.squarespace-cdn.com/content/v1/5a330eb8b1ffb6e54c3f0cff/1537504300683-WM6RZJFES0SZIE1PYU27/Ron+Dube.jpg]
[www.membersleadingmembers.com/members-lawsuit.html]
[www.membersleadingmembers.com/lester-coney.html]
[www.membersleadingmembers.com/trustees-fire-staffers.html]
[images.squarespace-cdn.com/content/v1/5a330eb8b1ffb6e54c3f0cff/1537577259504-A11LTPBMIHSH2JHBYZ1T/Justus+Fortado.jpg]
[images.squarespace-cdn.com/content/v1/5a330eb8b1ffb6e54c3f0cff/1537577382634-HV8060EXTSCJBQUAV5K3/Kevin+Maley.jpg]
[www.membersleadingmembers.com/s/Members-Leading-Members-Petition.html]
[images.squarespace-cdn.com/content/v1/5a330eb8b1ffb6e54c3f0cff/1537577568702-NOU0B3ULK3OUGPAVAW5L/Mark+Yates.jpg]
[www.membersleadingmembers.com/volunteer.html]
[www.membersleadingmembers.com/donate.html]
[www.membersleadingmembers.com/contact.html]
[www.membersleadingmembers.com/blog.html]
[images.squarespace-cdn.com/content/v1/5a330eb8b1ffb6e54c3f0cff/1537577703897-RYEQFO0DSN5CL1PDX24W/Rick+Pratl.jpg]
[images.squarespace-cdn.com/content/v1/5a330eb8b1ffb6e54c3f0cff/1537577783262-ZPNYY1AGGLVRYOZ77IH9/Summer+Alexander.jpg]
[www.dol.gov/sites/dolgov/files/olms/regs/compliance/cap_closing_letters_2008/seiu_lu1199-w_10-09-08.pdf]
[static1.squarespace.com/static/5a330eb8b1ffb6e54c3f0cff/t/6062857fa420431441102fcd/1617069439793/1.21.21+Order.pdf]
[images.squarespace-cdn.com/content/v1/5a330eb8b1ffb6e54c3f0cff/1617069395570-8R2QBHWOTZ2RG5G2B8WC/1.21.21+Order.png]
[static1.squarespace.com/static/5a330eb8b1ffb6e54c3f0cff/t/606285999702ab44cdb2c12b/1617069465360/Second+Amended+Complaint.pdf]
[images.squarespace-cdn.com/content/v1/5a330eb8b1ffb6e54c3f0cff/1617069397712-D9WVF8AG8F9MCPFWK0AU/Second+Amended+Complaint.png]
[static1.squarespace.com/static/5a330eb8b1ffb6e54c3f0cff/t/5aa85becf9619a457054d509/1520983021169/Filed+Complaint[13116]+District+Court+Case.pdf]
[images.squarespace-cdn.com/content/v1/5a330eb8b1ffb6e54c3f0cff/1537577479460-YFIN7CC78O2KZ2F9KGWZ/image-asset.jpg]
[www.membersleadingmembers.com/bloga409.html]
[www.membersleadingmembers.com/blog/2019/10/13/meet-the-members-leading-members-slate.html]
[www.membersleadingmembers.com/bloga874.html]
[images.squarespace-cdn.com/content/v1/5a330eb8b1ffb6e54c3f0cff/1571007960016-QRAO9W5WHIXLEDRGHR1P/t1.html]
[images.squarespace-cdn.com/content/v1/5a330eb8b1ffb6e54c3f0cff/1571007966302-JQR3T4V8YD8V1NFDBE89/t2.html]
[images.squarespace-cdn.com/content/v1/5a330eb8b1ffb6e54c3f0cff/1571007993321-Y5AK1G3C14IHJHQNG4ZE/t3.html]
[images.squarespace-cdn.com/content/v1/5a330eb8b1ffb6e54c3f0cff/1571007997394-JMT28CVRR7NXY98F82FB/t4.html]
[images.squarespace-cdn.com/content/v1/5a330eb8b1ffb6e54c3f0cff/1571008024597-EEV7PVTWUF4JICFZ9C3L/b1.html]
[images.squarespace-cdn.com/content/v1/5a330eb8b1ffb6e54c3f0cff/1571008027688-T4VMMQRGFTRAR45C8TU5/b2.html]
[images.squarespace-cdn.com/content/v1/5a330eb8b1ffb6e54c3f0cff/1571008102630-0XCOER0NWIJYMLIZQ3WG/b3.html]
[images.squarespace-cdn.com/content/v1/5a330eb8b1ffb6e54c3f0cff/1571008106748-I4LEXCGZQ5J7TJE3PS0D/b4.html]
[images.squarespace-cdn.com/content/v1/5a330eb8b1ffb6e54c3f0cff/1571008160030-XRSU435LYZB749YAYD9T/b5.html]
[www.membersleadingmembers.com/blog/2019/9/25/the-us-department-of-labor-forces-local-73-to-re-run-election-due-to-dian-palmers-slate-cheating-sep-26.html]
[www.membersleadingmembers.com/what-we-will-do.html]
[images.squarespace-cdn.com/content/v1/5a330eb8b1ffb6e54c3f0cff/1569471396705-B2508FS9D9M6LL4975WH/Screenshot+from+2019-09-25+23-15-07.html]
[www.membersleadingmembers.com/blog/2019/9/1/the-us-department-of-labor-forces-local-73-to-re-run-election-due-to-dian-palmers-slate-cheating.html]
[www.membersleadingmembers.com/blog/2019/9/1/the-us-department-of-labor-forces-local-73-to-re-run-election-due-to-dian-palmers-slate-cheating-62h4g.html]
[www.membersleadingmembers.com/blog1fab.html]
[www.membersleadingmembers.com/blog/2019/8/10/local-73-officer-election-is-on-its-way.html]
[images.squarespace-cdn.com/content/v1/5a330eb8b1ffb6e54c3f0cff/1565466523215-6Y7FZ30MWODZU152WVG8/mlm-checkmark.html]
[www.membersleadingmembers.com/blog/2019/8/10/local-73-officer-election-is-on-its-way-6elwk.html]
[www.membersleadingmembers.com/blog/2019/6/29/election-update-please-donate.html]
[images.squarespace-cdn.com/content/v1/5a330eb8b1ffb6e54c3f0cff/1561840470778-OSIH88VJ363BXC7Z6PIQ/team-names.html]
[www.membersleadingmembers.com/blog/2019/5/30/members-leading-members-newsletter-volume-4.html]
[www.membersleadingmembers.com/blog/members-leading-members-newsletter-volume-3.html]
[www.membersleadingmembers.com/blog/2019/2/13/members-leading-members-newsletter-volume-2-trustees-eliminate-membership-meetings-forever.html]
[www.membersleadingmembers.com/blog/2018/12/13/members-leading-members-newsletter-volume-1-legal-update.html]
[www.membersleadingmembers.com/blog/2019/10/13/Trident/index.html]
[www.membersleadingmembers.com/blog/2019/10/13/Edge/index.html]
[www.membersleadingmembers.com/blog/2019/9/25/Trident/index.html]
[www.membersleadingmembers.com/blog/2019/9/25/Edge/index.html]
[www.membersleadingmembers.com/blog/2019/9/1/Trident/index.html]
[www.membersleadingmembers.com/blog/2019/9/1/Edge/index.html]
[www.membersleadingmembers.com/blog/2019/8/10/Trident/index.html]
[www.membersleadingmembers.com/blog/2019/8/10/Edge/index.html]
[www.membersleadingmembers.com/blog/2019/6/29/Trident/index.html]
[www.membersleadingmembers.com/blog/2019/6/29/Edge/index.html]
[www.membersleadingmembers.com/blog/2019/5/30/Trident/index.html]
[www.membersleadingmembers.com/blog/2019/5/30/Edge/index.html]
[images.squarespace-cdn.com/content/v1/5a330eb8b1ffb6e54c3f0cff/1559269907726-ZIKB92V59NWS7JTLG07E/team-names.html]
[www.membersleadingmembers.com/blog/Trident/index.html]
[www.membersleadingmembers.com/blog/Edge/index.html]
[images.squarespace-cdn.com/content/v1/5a330eb8b1ffb6e54c3f0cff/1555896953646-8GPJNQFLZ02K3DPWVCJ9/members-meeting-feb-2018-3.html]
[images.squarespace-cdn.com/content/v1/5a330eb8b1ffb6e54c3f0cff/1555968744485-R00BLX5FIHW2T85SCZ5J/joe_iosbaker_sellout.html]
[images.squarespace-cdn.com/content/v1/5a330eb8b1ffb6e54c3f0cff/1555903358406-HUPOD48Z0ZD9F2X5AGLY/rejected.html]
[www.membersleadingmembers.com/blog/2019/2/13/Trident/index.html]
[www.membersleadingmembers.com/blog/2019/2/13/Edge/index.html]
[images.squarespace-cdn.com/content/v1/5a330eb8b1ffb6e54c3f0cff/1550121606162-44GXDZTTOLSMVPJEFCW4/unnamed.html]
[images.squarespace-cdn.com/content/v1/5a330eb8b1ffb6e54c3f0cff/1550121875965-UGA0QHTGXEBSQ7C2G4SP/unnamed.html]
[images.squarespace-cdn.com/content/v1/5a330eb8b1ffb6e54c3f0cff/1550121996165-WIIAFQYZ0CXOX4Y2PERE/unnamed+(1).html]
[images.squarespace-cdn.com/content/v1/5a330eb8b1ffb6e54c3f0cff/1550122156875-VOSB7APE1499B5VQBP7S/unnamed+(2).html]
[images.squarespace-cdn.com/content/v1/5a330eb8b1ffb6e54c3f0cff/1550122218535-GM1YWJ0DHLGFAE03FY0S/image-asset.html]
[www.membersleadingmembers.com/blog/2018/12/13/Trident/index.html]
[www.membersleadingmembers.com/blog/2018/12/13/Edge/index.html]
[images.squarespace-cdn.com/content/v1/5a330eb8b1ffb6e54c3f0cff/1546488557069-WAEACA40665TGUHWB0DD/mary_k.html]
[static1.squarespace.com/static/5a330eb8b1ffb6e54c3f0cff/t/5da3add7ae57b1663c49c0a8/1571007961511/t126f7.html]
[static1.squarespace.com/static/5a330eb8b1ffb6e54c3f0cff/t/5d8c3ba43d8f090e24165bca/1569471401338/Screenshot+from+2019-09-25+23-15-0726f7.html]
[static1.squarespace.com/static/5a330eb8b1ffb6e54c3f0cff/5c12fd86b8a045c20077166e/5d4f1f4c1a0e4000011e570c/1565557592669/mlm-checkmark26f7.html]
[static1.squarespace.com/static/5a330eb8b1ffb6e54c3f0cff/t/5d17cb471d31a900012ca710/1561840487076/team-names26f7.html]
[static1.squarespace.com/static/5a330eb8b1ffb6e54c3f0cff/5c12fd86b8a045c20077166e/5cf07fd7ed811e0001431dc3/1559270143167/logo-2-from-pptx26f7.html]
[static1.squarespace.com/static/5a330eb8b1ffb6e54c3f0cff/5c12fd86b8a045c20077166e/5cbd19ba104c7b5ba0c518c6/1555976123476/members-meeting-feb-2018-326f7.html]
[static1.squarespace.com/static/5a330eb8b1ffb6e54c3f0cff/5c12fd86b8a045c20077166e/5c64fa439140b7dabc0656d5/1555900573010/unnamed26f7.html]
[static1.squarespace.com/static/5a330eb8b1ffb6e54c3f0cff/5c12fd86b8a045c20077166e/5c12fde11ae6cf146b173606/1550122375102/mary_k26f7.html]
